INFO     test_1:test_1.py:18 Dear Cichi Cean, this is the third test
INFO     test_1:test_1.py:8 Dear Cichi Cean, this is the first test
